// Jest Snapshot v1, https://goo.gl/fbAQLP

exports[`Button snapshot 1`] = `
<button
  data-testid="btn-1"
  disabled={true}
>
  Save
</button>
`;
