// Jest Snapshot v1, https://goo.gl/fbAQLP

exports[`input snapshot 1`] = `
<input
  className="form-control"
  data-testid="input-1"
  defaultValue="email"
/>
`;
