// Jest Snapshot v1, https://goo.gl/fbAQLP

exports[`text snapshot 1`] = `
<p
  className="text-danger"
  data-testid="text"
>
  Lorem ipsum
</p>
`;
